2025-06-25 20:12:11 [32minfo[39m: Setting up chat listeners...
2025-06-25 20:12:11 [32minfo[39m: Medication notification scheduler started
2025-06-25 20:12:11 [32minfo[39m: Setting up chat listeners...
2025-06-25 20:12:13 [32minfo[39m: Setting up listener for community: 1
2025-06-25 20:12:13 [32minfo[39m: Setting up listener for community: 1
2025-06-25 20:12:13 [32minfo[39m: Setting up listener for community: 3
2025-06-25 20:12:13 [32minfo[39m: Setting up listener for community: 3
2025-06-25 20:12:13 [32minfo[39m: Setting up listener for community: 4
2025-06-25 20:12:13 [32minfo[39m: Setting up listener for community: 4
2025-06-25 20:12:13 [32minfo[39m: Setting up listener for community: 9
2025-06-25 20:12:13 [32minfo[39m: Setting up listener for community: 9
2025-06-25 20:12:13 [32minfo[39m: Setting up listener for community: 13
2025-06-25 20:12:13 [32minfo[39m: New message in community 13 from user 4
2025-06-25 20:12:13 [32minfo[39m: Setting up listener for community: 13
2025-06-25 20:12:13 [32minfo[39m: New message in community 13 from user 4
2025-06-25 20:12:13 [32minfo[39m: Setting up listener for community: 15
2025-06-25 20:12:13 [32minfo[39m: Setting up listener for community: 15
2025-06-25 20:12:13 [32minfo[39m: Setting up listener for community: 16
2025-06-25 20:12:13 [32minfo[39m: Setting up listener for community: 16
2025-06-25 20:12:13 [32minfo[39m: Setting up listener for community: 17
2025-06-25 20:12:13 [32minfo[39m: Setting up listener for community: 17
2025-06-25 20:12:13 [32minfo[39m: Setting up listener for community: 1
2025-06-25 20:12:13 [32minfo[39m: Setting up listener for community: 3
2025-06-25 20:12:13 [32minfo[39m: Setting up listener for community: 4
2025-06-25 20:12:13 [32minfo[39m: Setting up listener for community: 9
2025-06-25 20:12:13 [32minfo[39m: Setting up listener for community: 13
2025-06-25 20:12:13 [32minfo[39m: New message in community 13 from user 4
2025-06-25 20:12:13 [32minfo[39m: Setting up listener for community: 15
2025-06-25 20:12:13 [32minfo[39m: Setting up listener for community: 16
2025-06-25 20:12:13 [32minfo[39m: Setting up listener for community: 17
2025-06-25 20:12:13 [32minfo[39m: Chat listeners setup complete
2025-06-25 20:12:13 [32minfo[39m: Setting up listener for community: 1
2025-06-25 20:12:13 [32minfo[39m: Setting up listener for community: 3
2025-06-25 20:12:13 [32minfo[39m: Setting up listener for community: 4
2025-06-25 20:12:13 [32minfo[39m: Setting up listener for community: 9
2025-06-25 20:12:13 [32minfo[39m: Setting up listener for community: 13
2025-06-25 20:12:13 [32minfo[39m: New message in community 13 from user 4
2025-06-25 20:12:13 [32minfo[39m: Setting up listener for community: 15
2025-06-25 20:12:13 [32minfo[39m: Setting up listener for community: 16
2025-06-25 20:12:13 [32minfo[39m: Setting up listener for community: 17
2025-06-25 20:12:13 [32minfo[39m: Chat listeners setup complete
2025-06-25 20:12:14 [33mwarn[39m: Community 13 not found in database
2025-06-25 20:12:14 [33mwarn[39m: Community 13 not found in database
2025-06-25 20:12:14 [33mwarn[39m: Community 13 not found in database
2025-06-25 20:12:14 [33mwarn[39m: Community 13 not found in database
2025-06-25 20:17:28 [32minfo[39m: Setting up chat listeners...
2025-06-25 20:17:29 [32minfo[39m: Medication notification scheduler started
2025-06-25 20:17:29 [32minfo[39m: Setting up chat listeners...
2025-06-25 20:17:31 [32minfo[39m: Setting up listener for community: 1
2025-06-25 20:17:31 [32minfo[39m: Setting up listener for community: 1
2025-06-25 20:17:31 [32minfo[39m: Setting up listener for community: 3
2025-06-25 20:17:31 [32minfo[39m: Setting up listener for community: 3
2025-06-25 20:17:31 [32minfo[39m: Setting up listener for community: 4
2025-06-25 20:17:31 [32minfo[39m: Setting up listener for community: 4
2025-06-25 20:17:31 [32minfo[39m: Setting up listener for community: 9
2025-06-25 20:17:31 [32minfo[39m: Setting up listener for community: 9
2025-06-25 20:17:31 [32minfo[39m: Setting up listener for community: 13
2025-06-25 20:17:31 [32minfo[39m: New message in community 13 from user 4
2025-06-25 20:17:31 [32minfo[39m: Setting up listener for community: 13
2025-06-25 20:17:31 [32minfo[39m: New message in community 13 from user 4
2025-06-25 20:17:31 [32minfo[39m: Setting up listener for community: 15
2025-06-25 20:17:31 [32minfo[39m: Setting up listener for community: 15
2025-06-25 20:17:31 [32minfo[39m: Setting up listener for community: 16
2025-06-25 20:17:31 [32minfo[39m: Setting up listener for community: 16
2025-06-25 20:17:31 [32minfo[39m: Setting up listener for community: 17
2025-06-25 20:17:31 [32minfo[39m: Setting up listener for community: 17
2025-06-25 20:17:31 [32minfo[39m: Setting up listener for community: 1
2025-06-25 20:17:31 [32minfo[39m: Setting up listener for community: 3
2025-06-25 20:17:31 [32minfo[39m: Setting up listener for community: 4
2025-06-25 20:17:31 [32minfo[39m: Setting up listener for community: 9
2025-06-25 20:17:31 [32minfo[39m: Setting up listener for community: 13
2025-06-25 20:17:31 [32minfo[39m: New message in community 13 from user 4
2025-06-25 20:17:31 [32minfo[39m: Setting up listener for community: 15
2025-06-25 20:17:31 [32minfo[39m: Setting up listener for community: 16
2025-06-25 20:17:31 [32minfo[39m: Setting up listener for community: 17
2025-06-25 20:17:31 [32minfo[39m: Chat listeners setup complete
2025-06-25 20:17:31 [32minfo[39m: Setting up listener for community: 1
2025-06-25 20:17:31 [32minfo[39m: Setting up listener for community: 3
2025-06-25 20:17:31 [32minfo[39m: Setting up listener for community: 4
2025-06-25 20:17:31 [32minfo[39m: Setting up listener for community: 9
2025-06-25 20:17:31 [32minfo[39m: Setting up listener for community: 13
2025-06-25 20:17:31 [32minfo[39m: New message in community 13 from user 4
2025-06-25 20:17:31 [32minfo[39m: Setting up listener for community: 15
2025-06-25 20:17:31 [32minfo[39m: Setting up listener for community: 16
2025-06-25 20:17:31 [32minfo[39m: Setting up listener for community: 17
2025-06-25 20:17:31 [32minfo[39m: Chat listeners setup complete
2025-06-25 20:17:33 [33mwarn[39m: Community 13 not found in database
2025-06-25 20:17:33 [33mwarn[39m: Community 13 not found in database
2025-06-25 20:17:33 [33mwarn[39m: Community 13 not found in database
2025-06-25 20:17:33 [33mwarn[39m: Community 13 not found in database
2025-06-25 20:17:37 [32minfo[39m: Setting up chat listeners...
2025-06-25 20:17:37 [32minfo[39m: Medication notification scheduler started
2025-06-25 20:17:37 [32minfo[39m: Setting up chat listeners...
2025-06-25 20:17:38 [32minfo[39m: Setting up listener for community: 1
2025-06-25 20:17:38 [32minfo[39m: Setting up listener for community: 1
2025-06-25 20:17:38 [32minfo[39m: Setting up listener for community: 3
2025-06-25 20:17:38 [32minfo[39m: Setting up listener for community: 3
2025-06-25 20:17:38 [32minfo[39m: Setting up listener for community: 4
2025-06-25 20:17:38 [32minfo[39m: Setting up listener for community: 4
2025-06-25 20:17:38 [32minfo[39m: Setting up listener for community: 9
2025-06-25 20:17:38 [32minfo[39m: Setting up listener for community: 9
2025-06-25 20:17:38 [32minfo[39m: Setting up listener for community: 13
2025-06-25 20:17:38 [32minfo[39m: New message in community 13 from user 4
2025-06-25 20:17:38 [32minfo[39m: Setting up listener for community: 13
2025-06-25 20:17:38 [32minfo[39m: New message in community 13 from user 4
2025-06-25 20:17:38 [32minfo[39m: Setting up listener for community: 15
2025-06-25 20:17:38 [32minfo[39m: Setting up listener for community: 15
2025-06-25 20:17:38 [32minfo[39m: Setting up listener for community: 16
2025-06-25 20:17:38 [32minfo[39m: Setting up listener for community: 16
2025-06-25 20:17:38 [32minfo[39m: Setting up listener for community: 17
2025-06-25 20:17:38 [32minfo[39m: Setting up listener for community: 17
2025-06-25 20:17:38 [32minfo[39m: Setting up listener for community: 1
2025-06-25 20:17:38 [32minfo[39m: Setting up listener for community: 3
2025-06-25 20:17:38 [32minfo[39m: Setting up listener for community: 4
2025-06-25 20:17:38 [32minfo[39m: Setting up listener for community: 9
2025-06-25 20:17:38 [32minfo[39m: Setting up listener for community: 13
2025-06-25 20:17:38 [32minfo[39m: New message in community 13 from user 4
2025-06-25 20:17:38 [32minfo[39m: Setting up listener for community: 15
2025-06-25 20:17:38 [32minfo[39m: Setting up listener for community: 16
2025-06-25 20:17:38 [32minfo[39m: Setting up listener for community: 17
2025-06-25 20:17:38 [32minfo[39m: Chat listeners setup complete
2025-06-25 20:17:38 [32minfo[39m: Setting up listener for community: 1
2025-06-25 20:17:38 [32minfo[39m: Setting up listener for community: 3
2025-06-25 20:17:38 [32minfo[39m: Setting up listener for community: 4
2025-06-25 20:17:38 [32minfo[39m: Setting up listener for community: 9
2025-06-25 20:17:38 [32minfo[39m: Setting up listener for community: 13
2025-06-25 20:17:38 [32minfo[39m: New message in community 13 from user 4
2025-06-25 20:17:38 [32minfo[39m: Setting up listener for community: 15
2025-06-25 20:17:38 [32minfo[39m: Setting up listener for community: 16
2025-06-25 20:17:38 [32minfo[39m: Setting up listener for community: 17
2025-06-25 20:17:38 [32minfo[39m: Chat listeners setup complete
2025-06-25 20:17:41 [33mwarn[39m: Community 13 not found in database
2025-06-25 20:17:41 [33mwarn[39m: Community 13 not found in database
2025-06-25 20:17:41 [33mwarn[39m: Community 13 not found in database
2025-06-25 20:17:41 [33mwarn[39m: Community 13 not found in database
2025-06-25 20:21:39 [32minfo[39m: Setting up chat listeners...
2025-06-25 20:21:39 [32minfo[39m: Medication notification scheduler started
2025-06-25 20:21:39 [32minfo[39m: Setting up chat listeners...
2025-06-25 20:21:40 [32minfo[39m: Setting up listener for community: 1
2025-06-25 20:21:40 [32minfo[39m: Setting up listener for community: 1
2025-06-25 20:21:40 [32minfo[39m: Setting up listener for community: 3
2025-06-25 20:21:40 [32minfo[39m: Setting up listener for community: 3
2025-06-25 20:21:40 [32minfo[39m: Setting up listener for community: 4
2025-06-25 20:21:40 [32minfo[39m: Setting up listener for community: 4
2025-06-25 20:21:40 [32minfo[39m: Setting up listener for community: 9
2025-06-25 20:21:40 [32minfo[39m: Setting up listener for community: 9
2025-06-25 20:21:40 [32minfo[39m: Setting up listener for community: 13
2025-06-25 20:21:40 [32minfo[39m: New message in community 13 from user 4
2025-06-25 20:21:40 [32minfo[39m: Setting up listener for community: 13
2025-06-25 20:21:40 [32minfo[39m: New message in community 13 from user 4
2025-06-25 20:21:40 [32minfo[39m: Setting up listener for community: 15
2025-06-25 20:21:40 [32minfo[39m: Setting up listener for community: 15
2025-06-25 20:21:40 [32minfo[39m: Setting up listener for community: 16
2025-06-25 20:21:40 [32minfo[39m: Setting up listener for community: 16
2025-06-25 20:21:40 [32minfo[39m: Setting up listener for community: 17
2025-06-25 20:21:40 [32minfo[39m: Setting up listener for community: 17
2025-06-25 20:21:40 [32minfo[39m: Setting up listener for community: 1
2025-06-25 20:21:40 [32minfo[39m: Setting up listener for community: 3
2025-06-25 20:21:40 [32minfo[39m: Setting up listener for community: 4
2025-06-25 20:21:40 [32minfo[39m: Setting up listener for community: 9
2025-06-25 20:21:40 [32minfo[39m: Setting up listener for community: 13
2025-06-25 20:21:40 [32minfo[39m: New message in community 13 from user 4
2025-06-25 20:21:40 [32minfo[39m: Setting up listener for community: 15
2025-06-25 20:21:40 [32minfo[39m: Setting up listener for community: 16
2025-06-25 20:21:40 [32minfo[39m: Setting up listener for community: 17
2025-06-25 20:21:40 [32minfo[39m: Chat listeners setup complete
2025-06-25 20:21:40 [32minfo[39m: Setting up listener for community: 1
2025-06-25 20:21:40 [32minfo[39m: Setting up listener for community: 3
2025-06-25 20:21:40 [32minfo[39m: Setting up listener for community: 4
2025-06-25 20:21:40 [32minfo[39m: Setting up listener for community: 9
2025-06-25 20:21:40 [32minfo[39m: Setting up listener for community: 13
2025-06-25 20:21:40 [32minfo[39m: New message in community 13 from user 4
2025-06-25 20:21:40 [32minfo[39m: Setting up listener for community: 15
2025-06-25 20:21:40 [32minfo[39m: Setting up listener for community: 16
2025-06-25 20:21:40 [32minfo[39m: Setting up listener for community: 17
2025-06-25 20:21:40 [32minfo[39m: Chat listeners setup complete
2025-06-25 20:21:42 [33mwarn[39m: Community 13 not found in database
2025-06-25 20:21:42 [33mwarn[39m: Community 13 not found in database
2025-06-25 20:21:42 [33mwarn[39m: Community 13 not found in database
2025-06-25 20:21:42 [33mwarn[39m: Community 13 not found in database
2025-06-25 20:23:27 [32minfo[39m: Setting up chat listeners...
2025-06-25 20:23:28 [32minfo[39m: Medication notification scheduler started
2025-06-25 20:23:28 [32minfo[39m: Setting up chat listeners...
2025-06-25 20:23:29 [32minfo[39m: Setting up listener for community: 1
2025-06-25 20:23:29 [32minfo[39m: Setting up listener for community: 1
2025-06-25 20:23:29 [32minfo[39m: Setting up listener for community: 3
2025-06-25 20:23:29 [32minfo[39m: Setting up listener for community: 3
2025-06-25 20:23:29 [32minfo[39m: Setting up listener for community: 4
2025-06-25 20:23:29 [32minfo[39m: Setting up listener for community: 4
2025-06-25 20:23:29 [32minfo[39m: Setting up listener for community: 9
2025-06-25 20:23:29 [32minfo[39m: Setting up listener for community: 9
2025-06-25 20:23:29 [32minfo[39m: Setting up listener for community: 13
2025-06-25 20:23:29 [32minfo[39m: New message in community 13 from user 4
2025-06-25 20:23:29 [32minfo[39m: Setting up listener for community: 13
2025-06-25 20:23:29 [32minfo[39m: New message in community 13 from user 4
2025-06-25 20:23:29 [32minfo[39m: Setting up listener for community: 15
2025-06-25 20:23:29 [32minfo[39m: Setting up listener for community: 15
2025-06-25 20:23:29 [32minfo[39m: Setting up listener for community: 16
2025-06-25 20:23:29 [32minfo[39m: Setting up listener for community: 16
2025-06-25 20:23:29 [32minfo[39m: Setting up listener for community: 17
2025-06-25 20:23:29 [32minfo[39m: Setting up listener for community: 17
2025-06-25 20:23:29 [32minfo[39m: Setting up listener for community: 1
2025-06-25 20:23:29 [32minfo[39m: Setting up listener for community: 3
2025-06-25 20:23:29 [32minfo[39m: Setting up listener for community: 4
2025-06-25 20:23:29 [32minfo[39m: Setting up listener for community: 9
2025-06-25 20:23:29 [32minfo[39m: Setting up listener for community: 13
2025-06-25 20:23:29 [32minfo[39m: New message in community 13 from user 4
2025-06-25 20:23:29 [32minfo[39m: Setting up listener for community: 15
2025-06-25 20:23:29 [32minfo[39m: Setting up listener for community: 16
2025-06-25 20:23:29 [32minfo[39m: Setting up listener for community: 17
2025-06-25 20:23:29 [32minfo[39m: Chat listeners setup complete
2025-06-25 20:23:29 [32minfo[39m: Setting up listener for community: 1
2025-06-25 20:23:29 [32minfo[39m: Setting up listener for community: 3
2025-06-25 20:23:29 [32minfo[39m: Setting up listener for community: 4
2025-06-25 20:23:29 [32minfo[39m: Setting up listener for community: 9
2025-06-25 20:23:29 [32minfo[39m: Setting up listener for community: 13
2025-06-25 20:23:29 [32minfo[39m: New message in community 13 from user 4
2025-06-25 20:23:29 [32minfo[39m: Setting up listener for community: 15
2025-06-25 20:23:29 [32minfo[39m: Setting up listener for community: 16
2025-06-25 20:23:29 [32minfo[39m: Setting up listener for community: 17
2025-06-25 20:23:29 [32minfo[39m: Chat listeners setup complete
2025-06-25 20:23:30 [33mwarn[39m: Community 13 not found in database
2025-06-25 20:23:30 [33mwarn[39m: Community 13 not found in database
2025-06-25 20:23:30 [33mwarn[39m: Community 13 not found in database
2025-06-25 20:23:30 [33mwarn[39m: Community 13 not found in database
2025-06-25 20:23:40 [32minfo[39m: Setting up chat listeners...
2025-06-25 20:23:40 [32minfo[39m: Medication notification scheduler started
2025-06-25 20:23:40 [32minfo[39m: Setting up chat listeners...
2025-06-25 20:23:41 [32minfo[39m: Setting up listener for community: 1
2025-06-25 20:23:41 [32minfo[39m: Setting up listener for community: 1
2025-06-25 20:23:41 [32minfo[39m: Setting up listener for community: 3
2025-06-25 20:23:41 [32minfo[39m: Setting up listener for community: 3
2025-06-25 20:23:41 [32minfo[39m: Setting up listener for community: 4
2025-06-25 20:23:41 [32minfo[39m: Setting up listener for community: 4
2025-06-25 20:23:41 [32minfo[39m: Setting up listener for community: 9
2025-06-25 20:23:41 [32minfo[39m: Setting up listener for community: 9
2025-06-25 20:23:41 [32minfo[39m: Setting up listener for community: 13
2025-06-25 20:23:41 [32minfo[39m: New message in community 13 from user 4
2025-06-25 20:23:41 [32minfo[39m: Setting up listener for community: 13
2025-06-25 20:23:41 [32minfo[39m: New message in community 13 from user 4
2025-06-25 20:23:41 [32minfo[39m: Setting up listener for community: 15
2025-06-25 20:23:41 [32minfo[39m: Setting up listener for community: 15
2025-06-25 20:23:41 [32minfo[39m: Setting up listener for community: 16
2025-06-25 20:23:41 [32minfo[39m: Setting up listener for community: 16
2025-06-25 20:23:41 [32minfo[39m: Setting up listener for community: 17
2025-06-25 20:23:41 [32minfo[39m: Setting up listener for community: 17
2025-06-25 20:23:41 [32minfo[39m: Setting up listener for community: 1
2025-06-25 20:23:41 [32minfo[39m: Setting up listener for community: 3
2025-06-25 20:23:41 [32minfo[39m: Setting up listener for community: 4
2025-06-25 20:23:41 [32minfo[39m: Setting up listener for community: 9
2025-06-25 20:23:41 [32minfo[39m: Setting up listener for community: 13
2025-06-25 20:23:41 [32minfo[39m: New message in community 13 from user 4
2025-06-25 20:23:41 [32minfo[39m: Setting up listener for community: 15
2025-06-25 20:23:41 [32minfo[39m: Setting up listener for community: 16
2025-06-25 20:23:41 [32minfo[39m: Setting up listener for community: 17
2025-06-25 20:23:41 [32minfo[39m: Chat listeners setup complete
2025-06-25 20:23:41 [32minfo[39m: Setting up listener for community: 1
2025-06-25 20:23:41 [32minfo[39m: Setting up listener for community: 3
2025-06-25 20:23:41 [32minfo[39m: Setting up listener for community: 4
2025-06-25 20:23:41 [32minfo[39m: Setting up listener for community: 9
2025-06-25 20:23:41 [32minfo[39m: Setting up listener for community: 13
2025-06-25 20:23:41 [32minfo[39m: New message in community 13 from user 4
2025-06-25 20:23:41 [32minfo[39m: Setting up listener for community: 15
2025-06-25 20:23:41 [32minfo[39m: Setting up listener for community: 16
2025-06-25 20:23:41 [32minfo[39m: Setting up listener for community: 17
2025-06-25 20:23:41 [32minfo[39m: Chat listeners setup complete
2025-06-25 20:23:42 [33mwarn[39m: Community 13 not found in database
2025-06-25 20:23:42 [33mwarn[39m: Community 13 not found in database
2025-06-25 20:23:42 [33mwarn[39m: Community 13 not found in database
2025-06-25 20:23:42 [33mwarn[39m: Community 13 not found in database
2025-06-25 20:23:57 [32minfo[39m: Setting up chat listeners...
2025-06-25 20:23:57 [32minfo[39m: Medication notification scheduler started
2025-06-25 20:23:57 [32minfo[39m: Setting up chat listeners...
2025-06-25 20:23:59 [32minfo[39m: Setting up listener for community: 1
2025-06-25 20:23:59 [32minfo[39m: Setting up listener for community: 1
2025-06-25 20:23:59 [32minfo[39m: Setting up listener for community: 3
2025-06-25 20:23:59 [32minfo[39m: Setting up listener for community: 3
2025-06-25 20:23:59 [32minfo[39m: Setting up listener for community: 4
2025-06-25 20:23:59 [32minfo[39m: Setting up listener for community: 4
2025-06-25 20:23:59 [32minfo[39m: Setting up listener for community: 9
2025-06-25 20:23:59 [32minfo[39m: Setting up listener for community: 9
2025-06-25 20:23:59 [32minfo[39m: Setting up listener for community: 13
2025-06-25 20:23:59 [32minfo[39m: New message in community 13 from user 4
2025-06-25 20:23:59 [32minfo[39m: Setting up listener for community: 13
2025-06-25 20:23:59 [32minfo[39m: New message in community 13 from user 4
2025-06-25 20:23:59 [32minfo[39m: Setting up listener for community: 15
2025-06-25 20:23:59 [32minfo[39m: Setting up listener for community: 15
2025-06-25 20:23:59 [32minfo[39m: Setting up listener for community: 16
2025-06-25 20:23:59 [32minfo[39m: Setting up listener for community: 16
2025-06-25 20:23:59 [32minfo[39m: Setting up listener for community: 17
2025-06-25 20:23:59 [32minfo[39m: Setting up listener for community: 17
2025-06-25 20:23:59 [32minfo[39m: Setting up listener for community: 1
2025-06-25 20:23:59 [32minfo[39m: Setting up listener for community: 3
2025-06-25 20:23:59 [32minfo[39m: Setting up listener for community: 4
2025-06-25 20:23:59 [32minfo[39m: Setting up listener for community: 9
2025-06-25 20:23:59 [32minfo[39m: Setting up listener for community: 13
2025-06-25 20:23:59 [32minfo[39m: New message in community 13 from user 4
2025-06-25 20:23:59 [32minfo[39m: Setting up listener for community: 15
2025-06-25 20:23:59 [32minfo[39m: Setting up listener for community: 16
2025-06-25 20:23:59 [32minfo[39m: Setting up listener for community: 17
2025-06-25 20:23:59 [32minfo[39m: Chat listeners setup complete
2025-06-25 20:23:59 [32minfo[39m: Setting up listener for community: 1
2025-06-25 20:23:59 [32minfo[39m: Setting up listener for community: 3
2025-06-25 20:23:59 [32minfo[39m: Setting up listener for community: 4
2025-06-25 20:23:59 [32minfo[39m: Setting up listener for community: 9
2025-06-25 20:23:59 [32minfo[39m: Setting up listener for community: 13
2025-06-25 20:23:59 [32minfo[39m: New message in community 13 from user 4
2025-06-25 20:23:59 [32minfo[39m: Setting up listener for community: 15
2025-06-25 20:23:59 [32minfo[39m: Setting up listener for community: 16
2025-06-25 20:23:59 [32minfo[39m: Setting up listener for community: 17
2025-06-25 20:23:59 [32minfo[39m: Chat listeners setup complete
2025-06-25 20:24:00 [33mwarn[39m: Community 13 not found in database
2025-06-25 20:24:00 [33mwarn[39m: Community 13 not found in database
2025-06-25 20:24:00 [33mwarn[39m: Community 13 not found in database
2025-06-25 20:24:00 [33mwarn[39m: Community 13 not found in database
