2025-06-21 20:10:21 [32minfo[39m: Setting up chat listeners...
2025-06-21 20:10:21 [32minfo[39m: Medication notification scheduler started
2025-06-21 20:10:21 [32minfo[39m: Setting up chat listeners...
2025-06-21 20:10:23 [32minfo[39m: Setting up listener for community: 1
2025-06-21 20:10:23 [32minfo[39m: Setting up listener for community: 1
2025-06-21 20:10:23 [32minfo[39m: Setting up listener for community: 3
2025-06-21 20:10:23 [32minfo[39m: Setting up listener for community: 3
2025-06-21 20:10:23 [32minfo[39m: Setting up listener for community: 4
2025-06-21 20:10:23 [32minfo[39m: Setting up listener for community: 4
2025-06-21 20:10:23 [32minfo[39m: Setting up listener for community: 9
2025-06-21 20:10:23 [32minfo[39m: Setting up listener for community: 9
2025-06-21 20:10:23 [32minfo[39m: Setting up listener for community: 13
2025-06-21 20:10:23 [32minfo[39m: New message in community 13 from user 4
2025-06-21 20:10:23 [32minfo[39m: Setting up listener for community: 13
2025-06-21 20:10:23 [32minfo[39m: New message in community 13 from user 4
2025-06-21 20:10:23 [32minfo[39m: Setting up listener for community: 15
2025-06-21 20:10:23 [32minfo[39m: Setting up listener for community: 15
2025-06-21 20:10:23 [32minfo[39m: Setting up listener for community: 16
2025-06-21 20:10:23 [32minfo[39m: Setting up listener for community: 16
2025-06-21 20:10:23 [32minfo[39m: Setting up listener for community: 1
2025-06-21 20:10:23 [32minfo[39m: Setting up listener for community: 3
2025-06-21 20:10:23 [32minfo[39m: Setting up listener for community: 4
2025-06-21 20:10:23 [32minfo[39m: Setting up listener for community: 9
2025-06-21 20:10:23 [32minfo[39m: Setting up listener for community: 13
2025-06-21 20:10:23 [32minfo[39m: New message in community 13 from user 4
2025-06-21 20:10:23 [32minfo[39m: Setting up listener for community: 15
2025-06-21 20:10:23 [32minfo[39m: Setting up listener for community: 16
2025-06-21 20:10:23 [32minfo[39m: Chat listeners setup complete
2025-06-21 20:10:23 [32minfo[39m: Setting up listener for community: 1
2025-06-21 20:10:23 [32minfo[39m: Setting up listener for community: 3
2025-06-21 20:10:23 [32minfo[39m: Setting up listener for community: 4
2025-06-21 20:10:23 [32minfo[39m: Setting up listener for community: 9
2025-06-21 20:10:23 [32minfo[39m: Setting up listener for community: 13
2025-06-21 20:10:23 [32minfo[39m: New message in community 13 from user 4
2025-06-21 20:10:23 [32minfo[39m: Setting up listener for community: 15
2025-06-21 20:10:23 [32minfo[39m: Setting up listener for community: 16
2025-06-21 20:10:23 [32minfo[39m: Chat listeners setup complete
2025-06-21 20:10:24 [33mwarn[39m: Community 13 not found in database
2025-06-21 20:10:24 [33mwarn[39m: Community 13 not found in database
2025-06-21 20:10:24 [33mwarn[39m: Community 13 not found in database
2025-06-21 20:10:24 [33mwarn[39m: Community 13 not found in database
2025-06-21 20:16:27 [32minfo[39m: Setting up chat listeners...
2025-06-21 20:16:27 [32minfo[39m: Medication notification scheduler started
2025-06-21 20:16:27 [32minfo[39m: Setting up chat listeners...
2025-06-21 20:16:29 [32minfo[39m: Setting up listener for community: 1
2025-06-21 20:16:29 [32minfo[39m: Setting up listener for community: 1
2025-06-21 20:16:29 [32minfo[39m: Setting up listener for community: 3
2025-06-21 20:16:29 [32minfo[39m: Setting up listener for community: 3
2025-06-21 20:16:29 [32minfo[39m: Setting up listener for community: 4
2025-06-21 20:16:29 [32minfo[39m: Setting up listener for community: 4
2025-06-21 20:16:29 [32minfo[39m: Setting up listener for community: 9
2025-06-21 20:16:29 [32minfo[39m: Setting up listener for community: 9
2025-06-21 20:16:29 [32minfo[39m: Setting up listener for community: 13
2025-06-21 20:16:29 [32minfo[39m: New message in community 13 from user 4
2025-06-21 20:16:29 [32minfo[39m: Setting up listener for community: 13
2025-06-21 20:16:29 [32minfo[39m: New message in community 13 from user 4
2025-06-21 20:16:29 [32minfo[39m: Setting up listener for community: 15
2025-06-21 20:16:29 [32minfo[39m: Setting up listener for community: 15
2025-06-21 20:16:29 [32minfo[39m: Setting up listener for community: 16
2025-06-21 20:16:29 [32minfo[39m: Setting up listener for community: 16
2025-06-21 20:16:29 [32minfo[39m: Setting up listener for community: 1
2025-06-21 20:16:29 [32minfo[39m: Setting up listener for community: 3
2025-06-21 20:16:29 [32minfo[39m: Setting up listener for community: 4
2025-06-21 20:16:29 [32minfo[39m: Setting up listener for community: 9
2025-06-21 20:16:29 [32minfo[39m: Setting up listener for community: 13
2025-06-21 20:16:29 [32minfo[39m: New message in community 13 from user 4
2025-06-21 20:16:29 [32minfo[39m: Setting up listener for community: 15
2025-06-21 20:16:29 [32minfo[39m: Setting up listener for community: 16
2025-06-21 20:16:29 [32minfo[39m: Chat listeners setup complete
2025-06-21 20:16:29 [32minfo[39m: Setting up listener for community: 1
2025-06-21 20:16:29 [32minfo[39m: Setting up listener for community: 3
2025-06-21 20:16:29 [32minfo[39m: Setting up listener for community: 4
2025-06-21 20:16:29 [32minfo[39m: Setting up listener for community: 9
2025-06-21 20:16:29 [32minfo[39m: Setting up listener for community: 13
2025-06-21 20:16:29 [32minfo[39m: New message in community 13 from user 4
2025-06-21 20:16:29 [32minfo[39m: Setting up listener for community: 15
2025-06-21 20:16:29 [32minfo[39m: Setting up listener for community: 16
2025-06-21 20:16:29 [32minfo[39m: Chat listeners setup complete
2025-06-21 20:16:32 [33mwarn[39m: Community 13 not found in database
2025-06-21 20:16:32 [33mwarn[39m: Community 13 not found in database
2025-06-21 20:16:32 [33mwarn[39m: Community 13 not found in database
2025-06-21 20:16:32 [33mwarn[39m: Community 13 not found in database
2025-06-21 20:24:12 [32minfo[39m: Setting up chat listeners...
2025-06-21 20:24:13 [32minfo[39m: Medication notification scheduler started
2025-06-21 20:24:13 [32minfo[39m: Setting up chat listeners...
2025-06-21 20:24:15 [32minfo[39m: Setting up listener for community: 1
2025-06-21 20:24:15 [32minfo[39m: Setting up listener for community: 1
2025-06-21 20:24:15 [32minfo[39m: Setting up listener for community: 3
2025-06-21 20:24:15 [32minfo[39m: Setting up listener for community: 3
2025-06-21 20:24:15 [32minfo[39m: Setting up listener for community: 4
2025-06-21 20:24:15 [32minfo[39m: Setting up listener for community: 4
2025-06-21 20:24:15 [32minfo[39m: Setting up listener for community: 9
2025-06-21 20:24:15 [32minfo[39m: Setting up listener for community: 9
2025-06-21 20:24:15 [32minfo[39m: Setting up listener for community: 13
2025-06-21 20:24:15 [32minfo[39m: New message in community 13 from user 4
2025-06-21 20:24:15 [32minfo[39m: Setting up listener for community: 13
2025-06-21 20:24:15 [32minfo[39m: New message in community 13 from user 4
2025-06-21 20:24:15 [32minfo[39m: Setting up listener for community: 15
2025-06-21 20:24:15 [32minfo[39m: Setting up listener for community: 15
2025-06-21 20:24:15 [32minfo[39m: Setting up listener for community: 16
2025-06-21 20:24:15 [32minfo[39m: Setting up listener for community: 16
2025-06-21 20:24:15 [32minfo[39m: Setting up listener for community: 1
2025-06-21 20:24:15 [32minfo[39m: Setting up listener for community: 3
2025-06-21 20:24:15 [32minfo[39m: Setting up listener for community: 4
2025-06-21 20:24:15 [32minfo[39m: Setting up listener for community: 9
2025-06-21 20:24:15 [32minfo[39m: Setting up listener for community: 13
2025-06-21 20:24:15 [32minfo[39m: New message in community 13 from user 4
2025-06-21 20:24:15 [32minfo[39m: Setting up listener for community: 15
2025-06-21 20:24:15 [32minfo[39m: Setting up listener for community: 16
2025-06-21 20:24:15 [32minfo[39m: Chat listeners setup complete
2025-06-21 20:24:15 [32minfo[39m: Setting up listener for community: 1
2025-06-21 20:24:15 [32minfo[39m: Setting up listener for community: 3
2025-06-21 20:24:15 [32minfo[39m: Setting up listener for community: 4
2025-06-21 20:24:15 [32minfo[39m: Setting up listener for community: 9
2025-06-21 20:24:15 [32minfo[39m: Setting up listener for community: 13
2025-06-21 20:24:15 [32minfo[39m: New message in community 13 from user 4
2025-06-21 20:24:15 [32minfo[39m: Setting up listener for community: 15
2025-06-21 20:24:15 [32minfo[39m: Setting up listener for community: 16
2025-06-21 20:24:15 [32minfo[39m: Chat listeners setup complete
2025-06-21 20:24:16 [33mwarn[39m: Community 13 not found in database
2025-06-21 20:24:16 [33mwarn[39m: Community 13 not found in database
2025-06-21 20:24:16 [33mwarn[39m: Community 13 not found in database
2025-06-21 20:24:16 [33mwarn[39m: Community 13 not found in database
2025-06-21 20:25:54 [32minfo[39m: Setting up chat listeners...
2025-06-21 20:25:54 [32minfo[39m: Medication notification scheduler started
2025-06-21 20:25:54 [32minfo[39m: Setting up chat listeners...
2025-06-21 20:25:56 [32minfo[39m: Setting up chat listeners...
2025-06-21 20:25:56 [32minfo[39m: Medication notification scheduler started
2025-06-21 20:25:56 [32minfo[39m: Setting up chat listeners...
2025-06-21 20:25:58 [32minfo[39m: Setting up listener for community: 1
2025-06-21 20:25:58 [32minfo[39m: Setting up listener for community: 1
2025-06-21 20:25:58 [32minfo[39m: Setting up listener for community: 3
2025-06-21 20:25:58 [32minfo[39m: Setting up listener for community: 3
2025-06-21 20:25:58 [32minfo[39m: Setting up listener for community: 4
2025-06-21 20:25:58 [32minfo[39m: Setting up listener for community: 4
2025-06-21 20:25:58 [32minfo[39m: Setting up listener for community: 9
2025-06-21 20:25:58 [32minfo[39m: Setting up listener for community: 9
2025-06-21 20:25:58 [32minfo[39m: Setting up listener for community: 13
2025-06-21 20:25:58 [32minfo[39m: New message in community 13 from user 4
2025-06-21 20:25:58 [32minfo[39m: Setting up listener for community: 13
2025-06-21 20:25:58 [32minfo[39m: New message in community 13 from user 4
2025-06-21 20:25:58 [32minfo[39m: Setting up listener for community: 15
2025-06-21 20:25:58 [32minfo[39m: Setting up listener for community: 15
2025-06-21 20:25:58 [32minfo[39m: Setting up listener for community: 16
2025-06-21 20:25:58 [32minfo[39m: Setting up listener for community: 16
2025-06-21 20:25:58 [32minfo[39m: Setting up listener for community: 1
2025-06-21 20:25:58 [32minfo[39m: Setting up listener for community: 3
2025-06-21 20:25:58 [32minfo[39m: Setting up listener for community: 4
2025-06-21 20:25:58 [32minfo[39m: Setting up listener for community: 9
2025-06-21 20:25:58 [32minfo[39m: Setting up listener for community: 13
2025-06-21 20:25:58 [32minfo[39m: New message in community 13 from user 4
2025-06-21 20:25:58 [32minfo[39m: Setting up listener for community: 15
2025-06-21 20:25:58 [32minfo[39m: Setting up listener for community: 16
2025-06-21 20:25:58 [32minfo[39m: Chat listeners setup complete
2025-06-21 20:25:58 [32minfo[39m: Setting up listener for community: 1
2025-06-21 20:25:58 [32minfo[39m: Setting up listener for community: 3
2025-06-21 20:25:58 [32minfo[39m: Setting up listener for community: 4
2025-06-21 20:25:58 [32minfo[39m: Setting up listener for community: 9
2025-06-21 20:25:58 [32minfo[39m: Setting up listener for community: 13
2025-06-21 20:25:58 [32minfo[39m: New message in community 13 from user 4
2025-06-21 20:25:58 [32minfo[39m: Setting up listener for community: 15
2025-06-21 20:25:58 [32minfo[39m: Setting up listener for community: 16
2025-06-21 20:25:58 [32minfo[39m: Chat listeners setup complete
2025-06-21 20:26:02 [33mwarn[39m: Community 13 not found in database
2025-06-21 20:26:02 [33mwarn[39m: Community 13 not found in database
2025-06-21 20:26:02 [33mwarn[39m: Community 13 not found in database
2025-06-21 20:26:02 [33mwarn[39m: Community 13 not found in database
2025-06-21 20:26:45 [32minfo[39m: Setting up chat listeners...
2025-06-21 20:26:45 [32minfo[39m: Medication notification scheduler started
2025-06-21 20:26:45 [32minfo[39m: Setting up chat listeners...
2025-06-21 20:26:46 [32minfo[39m: Setting up listener for community: 1
2025-06-21 20:26:46 [32minfo[39m: Setting up listener for community: 1
2025-06-21 20:26:46 [32minfo[39m: Setting up listener for community: 3
2025-06-21 20:26:46 [32minfo[39m: Setting up listener for community: 3
2025-06-21 20:26:46 [32minfo[39m: Setting up listener for community: 4
2025-06-21 20:26:46 [32minfo[39m: Setting up listener for community: 4
2025-06-21 20:26:46 [32minfo[39m: Setting up listener for community: 9
2025-06-21 20:26:46 [32minfo[39m: Setting up listener for community: 9
2025-06-21 20:26:46 [32minfo[39m: Setting up listener for community: 13
2025-06-21 20:26:46 [32minfo[39m: New message in community 13 from user 4
2025-06-21 20:26:46 [32minfo[39m: Setting up listener for community: 13
2025-06-21 20:26:46 [32minfo[39m: New message in community 13 from user 4
2025-06-21 20:26:46 [32minfo[39m: Setting up listener for community: 15
2025-06-21 20:26:46 [32minfo[39m: Setting up listener for community: 15
2025-06-21 20:26:46 [32minfo[39m: Setting up listener for community: 16
2025-06-21 20:26:46 [32minfo[39m: Setting up listener for community: 16
2025-06-21 20:26:46 [32minfo[39m: Setting up listener for community: 1
2025-06-21 20:26:46 [32minfo[39m: Setting up listener for community: 3
2025-06-21 20:26:46 [32minfo[39m: Setting up listener for community: 4
2025-06-21 20:26:46 [32minfo[39m: Setting up listener for community: 9
2025-06-21 20:26:46 [32minfo[39m: Setting up listener for community: 13
2025-06-21 20:26:46 [32minfo[39m: New message in community 13 from user 4
2025-06-21 20:26:46 [32minfo[39m: Setting up listener for community: 15
2025-06-21 20:26:46 [32minfo[39m: Setting up listener for community: 16
2025-06-21 20:26:46 [32minfo[39m: Chat listeners setup complete
2025-06-21 20:26:46 [32minfo[39m: Setting up listener for community: 1
2025-06-21 20:26:46 [32minfo[39m: Setting up listener for community: 3
2025-06-21 20:26:46 [32minfo[39m: Setting up listener for community: 4
2025-06-21 20:26:46 [32minfo[39m: Setting up listener for community: 9
2025-06-21 20:26:46 [32minfo[39m: Setting up listener for community: 13
2025-06-21 20:26:46 [32minfo[39m: New message in community 13 from user 4
2025-06-21 20:26:46 [32minfo[39m: Setting up listener for community: 15
2025-06-21 20:26:46 [32minfo[39m: Setting up listener for community: 16
2025-06-21 20:26:46 [32minfo[39m: Chat listeners setup complete
2025-06-21 20:26:48 [33mwarn[39m: Community 13 not found in database
2025-06-21 20:26:48 [33mwarn[39m: Community 13 not found in database
2025-06-21 20:26:48 [33mwarn[39m: Community 13 not found in database
2025-06-21 20:26:48 [33mwarn[39m: Community 13 not found in database
2025-06-21 20:27:47 [32minfo[39m: Setting up chat listeners...
2025-06-21 20:27:47 [32minfo[39m: Medication notification scheduler started
2025-06-21 20:27:48 [32minfo[39m: Setting up chat listeners...
2025-06-21 20:27:52 [32minfo[39m: Setting up chat listeners...
2025-06-21 20:27:52 [32minfo[39m: Medication notification scheduler started
2025-06-21 20:27:52 [32minfo[39m: Setting up chat listeners...
2025-06-21 20:27:54 [32minfo[39m: Setting up listener for community: 1
2025-06-21 20:27:54 [32minfo[39m: Setting up listener for community: 1
2025-06-21 20:27:54 [32minfo[39m: Setting up listener for community: 3
2025-06-21 20:27:54 [32minfo[39m: Setting up listener for community: 3
2025-06-21 20:27:54 [32minfo[39m: Setting up listener for community: 4
2025-06-21 20:27:54 [32minfo[39m: Setting up listener for community: 4
2025-06-21 20:27:54 [32minfo[39m: Setting up listener for community: 9
2025-06-21 20:27:54 [32minfo[39m: Setting up listener for community: 9
2025-06-21 20:27:54 [32minfo[39m: Setting up listener for community: 13
2025-06-21 20:27:54 [32minfo[39m: New message in community 13 from user 4
2025-06-21 20:27:54 [32minfo[39m: Setting up listener for community: 13
2025-06-21 20:27:54 [32minfo[39m: New message in community 13 from user 4
2025-06-21 20:27:54 [32minfo[39m: Setting up listener for community: 15
2025-06-21 20:27:54 [32minfo[39m: Setting up listener for community: 15
2025-06-21 20:27:54 [32minfo[39m: Setting up listener for community: 16
2025-06-21 20:27:54 [32minfo[39m: Setting up listener for community: 16
2025-06-21 20:27:54 [32minfo[39m: Setting up listener for community: 1
2025-06-21 20:27:54 [32minfo[39m: Setting up listener for community: 3
2025-06-21 20:27:54 [32minfo[39m: Setting up listener for community: 4
2025-06-21 20:27:54 [32minfo[39m: Setting up listener for community: 9
2025-06-21 20:27:54 [32minfo[39m: Setting up listener for community: 13
2025-06-21 20:27:54 [32minfo[39m: New message in community 13 from user 4
2025-06-21 20:27:54 [32minfo[39m: Setting up listener for community: 15
2025-06-21 20:27:54 [32minfo[39m: Setting up listener for community: 16
2025-06-21 20:27:54 [32minfo[39m: Chat listeners setup complete
2025-06-21 20:27:54 [32minfo[39m: Setting up listener for community: 1
2025-06-21 20:27:54 [32minfo[39m: Setting up listener for community: 3
2025-06-21 20:27:54 [32minfo[39m: Setting up listener for community: 4
2025-06-21 20:27:54 [32minfo[39m: Setting up listener for community: 9
2025-06-21 20:27:54 [32minfo[39m: Setting up listener for community: 13
2025-06-21 20:27:54 [32minfo[39m: New message in community 13 from user 4
2025-06-21 20:27:54 [32minfo[39m: Setting up listener for community: 15
2025-06-21 20:27:54 [32minfo[39m: Setting up listener for community: 16
2025-06-21 20:27:54 [32minfo[39m: Chat listeners setup complete
2025-06-21 20:27:59 [33mwarn[39m: Community 13 not found in database
2025-06-21 20:27:59 [33mwarn[39m: Community 13 not found in database
2025-06-21 20:27:59 [33mwarn[39m: Community 13 not found in database
2025-06-21 20:27:59 [33mwarn[39m: Community 13 not found in database
2025-06-21 20:28:13 [32minfo[39m: Setting up chat listeners...
2025-06-21 20:28:13 [32minfo[39m: Medication notification scheduler started
2025-06-21 20:28:13 [32minfo[39m: Setting up chat listeners...
2025-06-21 20:28:17 [32minfo[39m: Setting up chat listeners...
2025-06-21 20:28:17 [32minfo[39m: Medication notification scheduler started
2025-06-21 20:28:17 [32minfo[39m: Setting up chat listeners...
2025-06-21 20:28:18 [32minfo[39m: Setting up listener for community: 1
2025-06-21 20:28:18 [32minfo[39m: Setting up listener for community: 1
2025-06-21 20:28:18 [32minfo[39m: Setting up listener for community: 3
2025-06-21 20:28:18 [32minfo[39m: Setting up listener for community: 3
2025-06-21 20:28:18 [32minfo[39m: Setting up listener for community: 4
2025-06-21 20:28:18 [32minfo[39m: Setting up listener for community: 4
2025-06-21 20:28:18 [32minfo[39m: Setting up listener for community: 9
2025-06-21 20:28:18 [32minfo[39m: Setting up listener for community: 9
2025-06-21 20:28:18 [32minfo[39m: Setting up listener for community: 13
2025-06-21 20:28:18 [32minfo[39m: New message in community 13 from user 4
2025-06-21 20:28:18 [32minfo[39m: Setting up listener for community: 13
2025-06-21 20:28:18 [32minfo[39m: New message in community 13 from user 4
2025-06-21 20:28:18 [32minfo[39m: Setting up listener for community: 15
2025-06-21 20:28:18 [32minfo[39m: Setting up listener for community: 15
2025-06-21 20:28:18 [32minfo[39m: Setting up listener for community: 16
2025-06-21 20:28:18 [32minfo[39m: Setting up listener for community: 16
2025-06-21 20:28:18 [32minfo[39m: Setting up listener for community: 1
2025-06-21 20:28:18 [32minfo[39m: Setting up listener for community: 3
2025-06-21 20:28:18 [32minfo[39m: Setting up listener for community: 4
2025-06-21 20:28:18 [32minfo[39m: Setting up listener for community: 9
2025-06-21 20:28:18 [32minfo[39m: Setting up listener for community: 13
2025-06-21 20:28:18 [32minfo[39m: New message in community 13 from user 4
2025-06-21 20:28:18 [32minfo[39m: Setting up listener for community: 15
2025-06-21 20:28:18 [32minfo[39m: Setting up listener for community: 16
2025-06-21 20:28:18 [32minfo[39m: Chat listeners setup complete
2025-06-21 20:28:18 [32minfo[39m: Setting up listener for community: 1
2025-06-21 20:28:18 [32minfo[39m: Setting up listener for community: 3
2025-06-21 20:28:18 [32minfo[39m: Setting up listener for community: 4
2025-06-21 20:28:18 [32minfo[39m: Setting up listener for community: 9
2025-06-21 20:28:18 [32minfo[39m: Setting up listener for community: 13
2025-06-21 20:28:18 [32minfo[39m: New message in community 13 from user 4
2025-06-21 20:28:18 [32minfo[39m: Setting up listener for community: 15
2025-06-21 20:28:18 [32minfo[39m: Setting up listener for community: 16
2025-06-21 20:28:18 [32minfo[39m: Chat listeners setup complete
2025-06-21 20:28:20 [33mwarn[39m: Community 13 not found in database
2025-06-21 20:28:20 [33mwarn[39m: Community 13 not found in database
2025-06-21 20:28:20 [33mwarn[39m: Community 13 not found in database
2025-06-21 20:28:20 [33mwarn[39m: Community 13 not found in database
2025-06-21 20:28:39 [32minfo[39m: Setting up chat listeners...
2025-06-21 20:28:39 [32minfo[39m: Medication notification scheduler started
2025-06-21 20:28:39 [32minfo[39m: Setting up chat listeners...
2025-06-21 20:28:43 [32minfo[39m: Setting up chat listeners...
2025-06-21 20:28:43 [32minfo[39m: Medication notification scheduler started
2025-06-21 20:28:43 [32minfo[39m: Setting up chat listeners...
2025-06-21 20:28:44 [32minfo[39m: Setting up listener for community: 1
2025-06-21 20:28:44 [32minfo[39m: Setting up listener for community: 1
2025-06-21 20:28:44 [32minfo[39m: Setting up listener for community: 3
2025-06-21 20:28:44 [32minfo[39m: Setting up listener for community: 3
2025-06-21 20:28:44 [32minfo[39m: Setting up listener for community: 4
2025-06-21 20:28:44 [32minfo[39m: Setting up listener for community: 4
2025-06-21 20:28:44 [32minfo[39m: Setting up listener for community: 9
2025-06-21 20:28:44 [32minfo[39m: Setting up listener for community: 9
2025-06-21 20:28:44 [32minfo[39m: Setting up listener for community: 13
2025-06-21 20:28:44 [32minfo[39m: New message in community 13 from user 4
2025-06-21 20:28:44 [32minfo[39m: Setting up listener for community: 13
2025-06-21 20:28:44 [32minfo[39m: New message in community 13 from user 4
2025-06-21 20:28:44 [32minfo[39m: Setting up listener for community: 15
2025-06-21 20:28:44 [32minfo[39m: Setting up listener for community: 15
2025-06-21 20:28:44 [32minfo[39m: Setting up listener for community: 16
2025-06-21 20:28:44 [32minfo[39m: Setting up listener for community: 16
2025-06-21 20:28:44 [32minfo[39m: Setting up listener for community: 1
2025-06-21 20:28:44 [32minfo[39m: Setting up listener for community: 3
2025-06-21 20:28:44 [32minfo[39m: Setting up listener for community: 4
2025-06-21 20:28:44 [32minfo[39m: Setting up listener for community: 9
2025-06-21 20:28:44 [32minfo[39m: Setting up listener for community: 13
2025-06-21 20:28:44 [32minfo[39m: New message in community 13 from user 4
2025-06-21 20:28:44 [32minfo[39m: Setting up listener for community: 15
2025-06-21 20:28:44 [32minfo[39m: Setting up listener for community: 16
2025-06-21 20:28:44 [32minfo[39m: Chat listeners setup complete
2025-06-21 20:28:44 [32minfo[39m: Setting up listener for community: 1
2025-06-21 20:28:44 [32minfo[39m: Setting up listener for community: 3
2025-06-21 20:28:44 [32minfo[39m: Setting up listener for community: 4
2025-06-21 20:28:44 [32minfo[39m: Setting up listener for community: 9
2025-06-21 20:28:44 [32minfo[39m: Setting up listener for community: 13
2025-06-21 20:28:44 [32minfo[39m: New message in community 13 from user 4
2025-06-21 20:28:44 [32minfo[39m: Setting up listener for community: 15
2025-06-21 20:28:44 [32minfo[39m: Setting up listener for community: 16
2025-06-21 20:28:44 [32minfo[39m: Chat listeners setup complete
2025-06-21 20:28:45 [33mwarn[39m: Community 13 not found in database
2025-06-21 20:28:45 [33mwarn[39m: Community 13 not found in database
2025-06-21 20:28:45 [33mwarn[39m: Community 13 not found in database
2025-06-21 20:28:45 [33mwarn[39m: Community 13 not found in database
2025-06-21 21:36:31 [32minfo[39m: Setting up chat listeners...
2025-06-21 21:36:31 [32minfo[39m: Medication notification scheduler started
2025-06-21 21:36:31 [32minfo[39m: Setting up chat listeners...
2025-06-21 21:36:32 [32minfo[39m: Setting up listener for community: 1
2025-06-21 21:36:32 [32minfo[39m: Setting up listener for community: 1
2025-06-21 21:36:32 [32minfo[39m: Setting up listener for community: 3
2025-06-21 21:36:32 [32minfo[39m: Setting up listener for community: 3
2025-06-21 21:36:32 [32minfo[39m: Setting up listener for community: 4
2025-06-21 21:36:32 [32minfo[39m: Setting up listener for community: 4
2025-06-21 21:36:32 [32minfo[39m: Setting up listener for community: 9
2025-06-21 21:36:32 [32minfo[39m: Setting up listener for community: 9
2025-06-21 21:36:32 [32minfo[39m: Setting up listener for community: 13
2025-06-21 21:36:32 [32minfo[39m: New message in community 13 from user 4
2025-06-21 21:36:32 [32minfo[39m: Setting up listener for community: 13
2025-06-21 21:36:32 [32minfo[39m: New message in community 13 from user 4
2025-06-21 21:36:32 [32minfo[39m: Setting up listener for community: 15
2025-06-21 21:36:32 [32minfo[39m: Setting up listener for community: 15
2025-06-21 21:36:32 [32minfo[39m: Setting up listener for community: 16
2025-06-21 21:36:32 [32minfo[39m: Setting up listener for community: 16
2025-06-21 21:36:32 [32minfo[39m: Setting up listener for community: 1
2025-06-21 21:36:32 [32minfo[39m: Setting up listener for community: 3
2025-06-21 21:36:32 [32minfo[39m: Setting up listener for community: 4
2025-06-21 21:36:32 [32minfo[39m: Setting up listener for community: 9
2025-06-21 21:36:32 [32minfo[39m: Setting up listener for community: 13
2025-06-21 21:36:32 [32minfo[39m: New message in community 13 from user 4
2025-06-21 21:36:32 [32minfo[39m: Setting up listener for community: 15
2025-06-21 21:36:32 [32minfo[39m: Setting up listener for community: 16
2025-06-21 21:36:32 [32minfo[39m: Chat listeners setup complete
2025-06-21 21:36:32 [32minfo[39m: Setting up listener for community: 1
2025-06-21 21:36:32 [32minfo[39m: Setting up listener for community: 3
2025-06-21 21:36:32 [32minfo[39m: Setting up listener for community: 4
2025-06-21 21:36:32 [32minfo[39m: Setting up listener for community: 9
2025-06-21 21:36:32 [32minfo[39m: Setting up listener for community: 13
2025-06-21 21:36:32 [32minfo[39m: New message in community 13 from user 4
2025-06-21 21:36:32 [32minfo[39m: Setting up listener for community: 15
2025-06-21 21:36:32 [32minfo[39m: Setting up listener for community: 16
2025-06-21 21:36:32 [32minfo[39m: Chat listeners setup complete
2025-06-21 21:36:33 [33mwarn[39m: Community 13 not found in database
2025-06-21 21:36:33 [33mwarn[39m: Community 13 not found in database
2025-06-21 21:36:33 [33mwarn[39m: Community 13 not found in database
2025-06-21 21:36:33 [33mwarn[39m: Community 13 not found in database
